Microsoft Windows [Version 10.0.19045.6466]
(c) Microsoft Corporation. All rights reserved.

C:\Users\Administrator\Downloads\GITPUSH>git remote add origin https://github.com/jsh340866/TESTREPO-2026-03-SHARE.git
error: remote origin already exists.

C:\Users\Administrator\Downloads\GITPUSH>git remote -v
origin  https://github.com/jsh340866/TESTREPO-2026-03-SHARE.git (fetch)
origin  https://github.com/jsh340866/TESTREPO-2026-03-SHARE.git (push)

C:\Users\Administrator\Downloads\GITPUSH>git push origin
fatal: The current branch master has no upstream branch.
To push the current branch and set the remote as upstream, use

    git push --set-upstream origin master

To have this happen automatically for branches without a tracking
upstream, see 'push.autoSetupRemote' in 'git help config'.


C:\Users\Administrator\Downloads\GITPUSH>git push --set-upstream origin master
info: please complete authentication in your browser...
Enumerating objects: 6, done.
Counting objects: 100% (6/6), done.
Delta compression using up to 12 threads
Compressing objects: 100% (3/3), done.
Writing objects: 100% (6/6), 432 bytes | 432.00 KiB/s, done.
Total 6 (delta 0), reused 0 (delta 0), pack-reused 0 (from 0)
To https://github.com/jsh340866/TESTREPO-2026-03-SHARE.git
 * [new branch]      master -> master
branch 'master' set up to track 'origin/master'.

C:\Users\Administrator\Downloads\GITPUSH>git status
On branch master
Your branch is up to date with 'origin/master'.

Untracked files:
  (use "git add <file>..." to include in what will be committed)
        ccc.txt

nothing added to commit but untracked files present (use "git add" to track)

C:\Users\Administrator\Downloads\GITPUSH>git add *

C:\Users\Administrator\Downloads\GITPUSH>git commit -m v0.2
[master 5ca4dbd] v0.2
 1 file changed, 1 insertion(+)
 create mode 100644 ccc.txt

C:\Users\Administrator\Downloads\GITPUSH>git push origin
Enumerating objects: 4, done.
Counting objects: 100% (4/4), done.
Delta compression using up to 12 threads
Compressing objects: 100% (2/2), done.
Writing objects: 100% (3/3), 289 bytes | 289.00 KiB/s, done.
Total 3 (delta 0), reused 0 (delta 0), pack-reused 0 (from 0)
To https://github.com/jsh340866/TESTREPO-2026-03-SHARE.git
   505c14e..5ca4dbd  master -> master

C:\Users\Administrator\Downloads\GITPUSH>git add *

C:\Users\Administrator\Downloads\GITPUSH>git commmit -m v0.3
git: 'commmit' is not a git command. See 'git --help'.

The most similar command is
        commit

C:\Users\Administrator\Downloads\GITPUSH>git commit -m v0.3
[master 4af0856] v0.3
 1 file changed, 1 insertion(+)
 create mode 100644 ddd.txt

C:\Users\Administrator\Downloads\GITPUSH>git push origin
Enumerating objects: 4, done.
Counting objects: 100% (4/4), done.
Delta compression using up to 12 threads
Compressing objects: 100% (2/2), done.
Writing objects: 100% (3/3), 260 bytes | 260.00 KiB/s, done.
Total 3 (delta 1), reused 0 (delta 0), pack-reused 0 (from 0)
remote: Resolving deltas: 100% (1/1), completed with 1 local object.
To https://github.com/jsh340866/TESTREPO-2026-03-SHARE.git
   5ca4dbd..4af0856  master -> master

C:\Users\Administrator\Downloads\GITPUSH>git log --oneline
4af0856 (HEAD -> master, origin/master) v0.3
5ca4dbd v0.2
505c14e v0.1
7ab12b5 v0.0

C:\Users\Administrator\Downloads\GITPUSH>git add *

C:\Users\Administrator\Downloads\GITPUSH>git commit -m "v0.4 - FROM LOCAL"
[master f85d8aa] v0.4 - FROM LOCAL
 1 file changed, 1 insertion(+)
 create mode 100644 fff.txt

C:\Users\Administrator\Downloads\GITPUSH>git log --oneline'
fatal: unrecognized argument: --oneline'

C:\Users\Administrator\Downloads\GITPUSH>git log --oneline
f85d8aa (HEAD -> master) v0.4 - FROM LOCAL
4af0856 (origin/master) v0.3
5ca4dbd v0.2
505c14e v0.1
7ab12b5 v0.0

C:\Users\Administrator\Downloads\GITPUSH>git push origin
To https://github.com/jsh340866/TESTREPO-2026-03-SHARE.git
 ! [rejected]        master -> master (fetch first)
error: failed to push some refs to 'https://github.com/jsh340866/TESTREPO-2026-03-SHARE.git'
hint: Updates were rejected because the remote contains work that you do not
hint: have locally. This is usually caused by another repository pushing to
hint: the same ref. If you want to integrate the remote changes, use
hint: 'git pull' before pushing again.
hint: See the 'Note about fast-forwards' in 'git push --help' for details.

C:\Users\Administrator\Downloads\GITPUSH>git pull origin
remote: Enumerating objects: 4, done.
remote: Counting objects: 100% (4/4), done.
remote: Compressing objects: 100% (2/2), done.
remote: Total 3 (delta 1), reused 0 (delta 0), pack-reused 0 (from 0)
Unpacking objects: 100% (3/3), 927 bytes | 103.00 KiB/s, done.
From https://github.com/jsh340866/TESTREPO-2026-03-SHARE
   4af0856..bcb0ede  master     -> origin/master
Merge made by the 'ort' strategy.
 eee.txt | 1 +
 1 file changed, 1 insertion(+)
 create mode 100644 eee.txt

C:\Users\Administrator\Downloads\GITPUSH>git log -oneline
fatal: unrecognized argument: -oneline

C:\Users\Administrator\Downloads\GITPUSH>git log --oneline
d131362 (HEAD -> master) Merge branch 'master' of https://github.com/jsh340866/TESTREPO-2026-03-SHARE
f85d8aa v0.4 - FROM LOCAL
bcb0ede (origin/master, origin/HEAD) v0.4 - FROM ORIGIN
4af0856 v0.3
5ca4dbd v0.2
505c14e v0.1
7ab12b5 v0.0

C:\Users\Administrator\Downloads\GITPUSH>git push origin
Enumerating objects: 7, done.
Counting objects: 100% (7/7), done.
Delta compression using up to 12 threads
Compressing objects: 100% (4/4), done.
Writing objects: 100% (5/5), 527 bytes | 527.00 KiB/s, done.
Total 5 (delta 2), reused 0 (delta 0), pack-reused 0 (from 0)
remote: Resolving deltas: 100% (2/2), completed with 1 local object.
To https://github.com/jsh340866/TESTREPO-2026-03-SHARE.git
   bcb0ede..d131362  master -> master

C:\Users\Administrator\Downloads\GITPUSH>git log --oneline
d131362 (HEAD -> master, origin/master, origin/HEAD) Merge branch 'master' of https://github.com/jsh340866/TESTREPO-2026-03-SHARE
f85d8aa v0.4 - FROM LOCAL
bcb0ede v0.4 - FROM ORIGIN
4af0856 v0.3
5ca4dbd v0.2
505c14e v0.1
7ab12b5 v0.0

C:\Users\Administrator\Downloads\GITPUSH>git add *

C:\Users\Administrator\Downloads\GITPUSH>git commit -m "v0.5 LOCAL"
[master 2a75022] v0.5 LOCAL
 1 file changed, 3 insertions(+), 1 deletion(-)

C:\Users\Administrator\Downloads\GITPUSH>git log --oneline
2a75022 (HEAD -> master) v0.5 LOCAL
d131362 (origin/master, origin/HEAD) Merge branch 'master' of https://github.com/jsh340866/TESTREPO-2026-03-SHARE
f85d8aa v0.4 - FROM LOCAL
bcb0ede v0.4 - FROM ORIGIN
4af0856 v0.3
5ca4dbd v0.2
505c14e v0.1
7ab12b5 v0.0

C:\Users\Administrator\Downloads\GITPUSH>git push origin
To https://github.com/jsh340866/TESTREPO-2026-03-SHARE.git
 ! [rejected]        master -> master (fetch first)
error: failed to push some refs to 'https://github.com/jsh340866/TESTREPO-2026-03-SHARE.git'
hint: Updates were rejected because the remote contains work that you do not
hint: have locally. This is usually caused by another repository pushing to
hint: the same ref. If you want to integrate the remote changes, use
hint: 'git pull' before pushing again.
hint: See the 'Note about fast-forwards' in 'git push --help' for details.

C:\Users\Administrator\Downloads\GITPUSH>git pull origin
remote: Enumerating objects: 5, done.
remote: Counting objects: 100% (5/5), done.
remote: Compressing objects: 100% (2/2), done.
remote: Total 3 (delta 1), reused 0 (delta 0), pack-reused 0 (from 0)
Unpacking objects: 100% (3/3), 917 bytes | 101.00 KiB/s, done.
From https://github.com/jsh340866/TESTREPO-2026-03-SHARE
   d131362..3d70edb  master     -> origin/master
Auto-merging fff.txt
CONFLICT (content): Merge conflict in fff.txt
Automatic merge failed; fix conflicts and then commit the result.

C:\Users\Administrator\Downloads\GITPUSH>git log --oneline
2a75022 (HEAD -> master) v0.5 LOCAL
d131362 Merge branch 'master' of https://github.com/jsh340866/TESTREPO-2026-03-SHARE
f85d8aa v0.4 - FROM LOCAL
bcb0ede v0.4 - FROM ORIGIN
4af0856 v0.3
5ca4dbd v0.2
505c14e v0.1
7ab12b5 v0.0

C:\Users\Administrator\Downloads\GITPUSH>git add *

C:\Users\Administrator\Downloads\GITPUSH>git merge --continue
[master 08b0fc9] Merge branch 'master' of https://github.com/jsh340866/TESTREPO-2026-03-SHARE

C:\Users\Administrator\Downloads\GITPUSH>git log --oneline
08b0fc9 (HEAD -> master) Merge branch 'master' of https://github.com/jsh340866/TESTREPO-2026-03-SHARE
2a75022 v0.5 LOCAL
3d70edb (origin/master, origin/HEAD) v0.5 REMOTE
d131362 Merge branch 'master' of https://github.com/jsh340866/TESTREPO-2026-03-SHARE
f85d8aa v0.4 - FROM LOCAL
bcb0ede v0.4 - FROM ORIGIN
4af0856 v0.3
5ca4dbd v0.2
505c14e v0.1
7ab12b5 v0.0

C:\Users\Administrator\Downloads\GITPUSH>git push origin
Enumerating objects: 10, done.
Counting objects: 100% (10/10), done.
Delta compression using up to 12 threads
Compressing objects: 100% (4/4), done.
Writing objects: 100% (6/6), 577 bytes | 577.00 KiB/s, done.
Total 6 (delta 2), reused 0 (delta 0), pack-reused 0 (from 0)
remote: Resolving deltas: 100% (2/2), completed with 1 local object.
To https://github.com/jsh340866/TESTREPO-2026-03-SHARE.git
   3d70edb..08b0fc9  master -> master

C:\Users\Administrator\Downloads\GITPUSH>git add *

C:\Users\Administrator\Downloads\GITPUSH>git commit -m "v0.6 LOCAL"
[master 26376fd] v0.6 LOCAL
 1 file changed, 2 insertions(+), 1 deletion(-)

C:\Users\Administrator\Downloads\GITPUSH>git log --oneline
26376fd (HEAD -> master) v0.6 LOCAL
08b0fc9 (origin/master, origin/HEAD) Merge branch 'master' of https://github.com/jsh340866/TESTREPO-2026-03-SHARE
2a75022 v0.5 LOCAL
3d70edb v0.5 REMOTE
d131362 Merge branch 'master' of https://github.com/jsh340866/TESTREPO-2026-03-SHARE
f85d8aa v0.4 - FROM LOCAL
bcb0ede v0.4 - FROM ORIGIN
4af0856 v0.3
5ca4dbd v0.2
505c14e v0.1
7ab12b5 v0.0

C:\Users\Administrator\Downloads\GITPUSH>git pull origin
remote: Enumerating objects: 5, done.
remote: Counting objects: 100% (5/5), done.
remote: Compressing objects: 100% (2/2), done.
remote: Total 3 (delta 1), reused 0 (delta 0), pack-reused 0 (from 0)
Unpacking objects: 100% (3/3), 922 bytes | 92.00 KiB/s, done.
From https://github.com/jsh340866/TESTREPO-2026-03-SHARE
   08b0fc9..a5962f5  master     -> origin/master
Auto-merging aaa.txt
CONFLICT (content): Merge conflict in aaa.txt
Automatic merge failed; fix conflicts and then commit the result.

C:\Users\Administrator\Downloads\GITPUSH>
C:\Users\Administrator\Downloads\GITPUSH>git add *

C:\Users\Administrator\Downloads\GITPUSH>git merge --continue
[master cdf7410] Merge branch 'master' of https://github.com/jsh340866/TESTREPO-2026-03-SHARE

C:\Users\Administrator\Downloads\GITPUSH>git push origin
Enumerating objects: 10, done.
Counting objects: 100% (10/10), done.
Delta compression using up to 12 threads
Compressing objects: 100% (4/4), done.
Writing objects: 100% (6/6), 626 bytes | 626.00 KiB/s, done.
Total 6 (delta 2), reused 0 (delta 0), pack-reused 0 (from 0)
remote: Resolving deltas: 100% (2/2), completed with 1 local object.
To https://github.com/jsh340866/TESTREPO-2026-03-SHARE.git
   a5962f5..cdf7410  master -> master

C:\Users\Administrator\Downloads\GITPUSH>git remove -v
git: 'remove' is not a git command. See 'git --help'.

The most similar command is
        remote

C:\Users\Administrator\Downloads\GITPUSH>git remote -v
origin  https://github.com/jsh340866/TESTREPO-2026-03-SHARE.git (fetch)
origin  https://github.com/jsh340866/TESTREPO-2026-03-SHARE.git (push)

C:\Users\Administrator\Downloads\GITPUSH>git commit --amend
[master 60bddbf] v0.6
 Date: Tue Mar 3 11:37:49 2026 +0900

C:\Users\Administrator\Downloads\GITPUSH>git log --oneline
60bddbf (HEAD -> master) v0.6
26376fd v0.6 LOCAL
a5962f5 v0.6
08b0fc9 Merge branch 'master' of https://github.com/jsh340866/TESTREPO-2026-03-SHARE
2a75022 v0.5 LOCAL
3d70edb v0.5 REMOTE
d131362 Merge branch 'master' of https://github.com/jsh340866/TESTREPO-2026-03-SHARE
f85d8aa v0.4 - FROM LOCAL
bcb0ede v0.4 - FROM ORIGIN
4af0856 v0.3
5ca4dbd v0.2
505c14e v0.1
7ab12b5 v0.0

C:\Users\Administrator\Downloads\GITPUSH>push --force origin
'push'은(는) 내부 또는 외부 명령, 실행할 수 있는 프로그램, 또는
배치 파일이 아닙니다.

C:\Users\Administrator\Downloads\GITPUSH>git push --force origin
Enumerating objects: 7, done.
Counting objects: 100% (7/7), done.
Delta compression using up to 12 threads
Compressing objects: 100% (2/2), done.
Writing objects: 100% (3/3), 314 bytes | 314.00 KiB/s, done.
Total 3 (delta 1), reused 0 (delta 0), pack-reused 0 (from 0)
remote: Resolving deltas: 100% (1/1), completed with 1 local object.
To https://github.com/jsh340866/TESTREPO-2026-03-SHARE.git
 + cdf7410...60bddbf master -> master (forced update)

C:\Users\Administrator\Downloads\GITPUSH>git log --oneline
60bddbf (HEAD -> master, origin/master, origin/HEAD) v0.6
26376fd v0.6 LOCAL
a5962f5 v0.6
08b0fc9 Merge branch 'master' of https://github.com/jsh340866/TESTREPO-2026-03-SHARE
2a75022 v0.5 LOCAL
3d70edb v0.5 REMOTE
d131362 Merge branch 'master' of https://github.com/jsh340866/TESTREPO-2026-03-SHARE
f85d8aa v0.4 - FROM LOCAL
bcb0ede v0.4 - FROM ORIGIN
4af0856 v0.3
5ca4dbd v0.2
505c14e v0.1
7ab12b5 v0.0

C:\Users\Administrator\Downloads\GITPUSH>git branch
* master

C:\Users\Administrator\Downloads\GITPUSH>git fetch origin
From https://github.com/jsh340866/TESTREPO-2026-03-SHARE
 * [new branch]      devlop     -> origin/devlop

C:\Users\Administrator\Downloads\GITPUSH>git branch
* master

C:\Users\Administrator\Downloads\GITPUSH>git log --oneline
60bddbf (HEAD -> master, origin/master, origin/devlop, origin/HEAD) v0.6
26376fd v0.6 LOCAL
a5962f5 v0.6
08b0fc9 Merge branch 'master' of https://github.com/jsh340866/TESTREPO-2026-03-SHARE
2a75022 v0.5 LOCAL
3d70edb v0.5 REMOTE
d131362 Merge branch 'master' of https://github.com/jsh340866/TESTREPO-2026-03-SHARE
f85d8aa v0.4 - FROM LOCAL
bcb0ede v0.4 - FROM ORIGIN
4af0856 v0.3
5ca4dbd v0.2
505c14e v0.1
7ab12b5 v0.0

C:\Users\Administrator\Downloads\GITPUSH>git switch devlope
fatal: invalid reference: devlope

C:\Users\Administrator\Downloads\GITPUSH>git switch devlop
branch 'devlop' set up to track 'origin/devlop'.
Switched to a new branch 'devlop'

C:\Users\Administrator\Downloads\GITPUSH>git add *

C:\Users\Administrator\Downloads\GITPUSH>git commit -m v0.7
[devlop 21302ca] v0.7
 1 file changed, 1 insertion(+)
 create mode 100644 dev-01.txt

C:\Users\Administrator\Downloads\GITPUSH>git branch
* devlop
  master

C:\Users\Administrator\Downloads\GITPUSH>git log --oneline
21302ca (HEAD -> devlop) v0.7
60bddbf (origin/master, origin/devlop, origin/HEAD, master) v0.6
26376fd v0.6 LOCAL
a5962f5 v0.6
08b0fc9 Merge branch 'master' of https://github.com/jsh340866/TESTREPO-2026-03-SHARE
2a75022 v0.5 LOCAL
3d70edb v0.5 REMOTE
d131362 Merge branch 'master' of https://github.com/jsh340866/TESTREPO-2026-03-SHARE
f85d8aa v0.4 - FROM LOCAL
bcb0ede v0.4 - FROM ORIGIN
4af0856 v0.3
5ca4dbd v0.2
505c14e v0.1
7ab12b5 v0.0

C:\Users\Administrator\Downloads\GITPUSH>git push origin
Enumerating objects: 4, done.
Counting objects: 100% (4/4), done.
Delta compression using up to 12 threads
Compressing objects: 100% (2/2), done.
Writing objects: 100% (3/3), 265 bytes | 265.00 KiB/s, done.
Total 3 (delta 1), reused 0 (delta 0), pack-reused 0 (from 0)
remote: Resolving deltas: 100% (1/1), completed with 1 local object.
To https://github.com/jsh340866/TESTREPO-2026-03-SHARE.git
   60bddbf..21302ca  devlop -> devlop

C:\Users\Administrator\Downloads\GITPUSH>git fetch origin
From https://github.com/jsh340866/TESTREPO-2026-03-SHARE
 * [new branch]      feature    -> origin/feature

C:\Users\Administrator\Downloads\GITPUSH>git branch
* devlop
  master

C:\Users\Administrator\Downloads\GITPUSH>git switch feature
branch 'feature' set up to track 'origin/feature'.
Switched to a new branch 'feature'

C:\Users\Administrator\Downloads\GITPUSH>git branch
  devlop
* feature
  master

C:\Users\Administrator\Downloads\GITPUSH>git add *

C:\Users\Administrator\Downloads\GITPUSH>git commit -m "v0.7 - feature"
[feature 9d46c74] v0.7 - feature
 1 file changed, 1 insertion(+)
 create mode 100644 feature-board.txt

C:\Users\Administrator\Downloads\GITPUSH>git push origin
Enumerating objects: 4, done.
Counting objects: 100% (4/4), done.
Delta compression using up to 12 threads
Compressing objects: 100% (2/2), done.
Writing objects: 100% (3/3), 287 bytes | 287.00 KiB/s, done.
Total 3 (delta 1), reused 0 (delta 0), pack-reused 0 (from 0)
remote: Resolving deltas: 100% (1/1), completed with 1 local object.
To https://github.com/jsh340866/TESTREPO-2026-03-SHARE.git
   21302ca..9d46c74  feature -> feature

C:\Users\Administrator\Downloads\GITPUSH>git pull origin
From https://github.com/jsh340866/TESTREPO-2026-03-SHARE
 * [new branch]      develop    -> origin/develop
Already up to date.

C:\Users\Administrator\Downloads\GITPUSH>git branch
  devlop
* feature
  master

C:\Users\Administrator\Downloads\GITPUSH>git switch develop
branch 'develop' set up to track 'origin/develop'.
Switched to a new branch 'develop'

C:\Users\Administrator\Downloads\GITPUSH>git branch
* develop
  devlop
  feature
  master

C:\Users\Administrator\Downloads\GITPUSH>git remove devlop
git: 'remove' is not a git command. See 'git --help'.

The most similar command is
        remote

C:\Users\Administrator\Downloads\GITPUSH>git branch -d devlop
Deleted branch devlop (was 21302ca).

C:\Users\Administrator\Downloads\GITPUSH>git branch
* develop
  feature
  master

C:\Users\Administrator\Downloads\GITPUSH>git log --oneline
21302ca (HEAD -> develop, origin/devlop, origin/develop) v0.7
60bddbf (origin/master, origin/HEAD, master) v0.6
26376fd v0.6 LOCAL
a5962f5 v0.6
08b0fc9 Merge branch 'master' of https://github.com/jsh340866/TESTREPO-2026-03-SHARE
2a75022 v0.5 LOCAL
3d70edb v0.5 REMOTE
d131362 Merge branch 'master' of https://github.com/jsh340866/TESTREPO-2026-03-SHARE
f85d8aa v0.4 - FROM LOCAL
bcb0ede v0.4 - FROM ORIGIN
4af0856 v0.3
5ca4dbd v0.2
505c14e v0.1
7ab12b5 v0.0

C:\Users\Administrator\Downloads\GITPUSH>

------------------------------------------------------------------------------------------------------------------------------------
Microsoft Windows [Version 10.0.19045.6466]
(c) Microsoft Corporation. All rights reserved.

C:\Users\Administrator\Downloads\GITPUSH>git clone https://github.com/jsh340866/TESTREPO-2026-03-STUDY.git
Cloning into 'TESTREPO-2026-03-STUDY'...
remote: Enumerating objects: 3, done.
remote: Counting objects: 100% (3/3), done.
remote: Total 3 (delta 0), reused 0 (delta 0), pack-reused 0 (from 0)
Receiving objects: 100% (3/3), done.

C:\Users\Administrator\Downloads\GITPUSH>cd TESTREPO-2026-03-STUDY

C:\Users\Administrator\Downloads\GITPUSH\TESTREPO-2026-03-STUDY>git add *

C:\Users\Administrator\Downloads\GITPUSH\TESTREPO-2026-03-STUDY>git commit -m v0.0
[main cd3e341] v0.0
 1 file changed, 1 insertion(+)
 create mode 100644 aaa.txt

C:\Users\Administrator\Downloads\GITPUSH\TESTREPO-2026-03-STUDY>git pull origin
Already up to date.

C:\Users\Administrator\Downloads\GITPUSH\TESTREPO-2026-03-STUDY>git push origin
Enumerating objects: 4, done.
Counting objects: 100% (4/4), done.
Delta compression using up to 12 threads
Compressing objects: 100% (2/2), done.
Writing objects: 100% (3/3), 266 bytes | 266.00 KiB/s, done.
Total 3 (delta 0), reused 0 (delta 0), pack-reused 0 (from 0)
To https://github.com/jsh340866/TESTREPO-2026-03-STUDY.git
   60b3a93..cd3e341  main -> main

C:\Users\Administrator\Downloads\GITPUSH\TESTREPO-2026-03-STUDY>


